// Jest Snapshot v1, https://goo.gl/fbAQLP

exports[`events should parse events 1`] = `
Object {
  "count": 31,
  "entries": Array [
    Object {
      "attributes": Object {
        "above": 0,
        "active": Array [
          0,
          0,
          0,
          0,
          0,
          128,
        ],
        "allowedLandscapes": 511,
        "header": "AVZevnt0.def",
        "landscapeGroup": 511,
        "metaType": "Event",
        "objectGroup": "",
        "objectSubType": 0,
        "objectType": "Event",
        "passable": Array [
          255,
          255,
          255,
          255,
          255,
          127,
        ],
      },
      "body": Object {
        "appliesToComputer": false,
        "appliesToPlayers": Array [
          "Red",
          "Blue",
          "Tan",
          "Green",
          "Orange",
          "Purple",
          "Teal",
          "Pink",
        ],
        "cancelAfterVisit": true,
        "contents": Object {
          "artifacts": Array [],
          "artifactsCount": 0,
          "creatures": Array [],
          "creaturesCount": 0,
          "experience": 1000,
          "luck": 0,
          "morale": 0,
          "primarySkills": Object {
            "attack": 0,
            "defense": 0,
            "knowledge": 0,
            "spellPower": 0,
          },
          "resources": Array [
            0,
            0,
            0,
            0,
            0,
            0,
            0,
          ],
          "secondarySkills": Array [],
          "secondarySkillsCount": 0,
          "spellPoints": 0,
          "spells": Array [],
          "spellsCount": 0,
        },
        "guardians": Object {
          "creatures": null,
          "hasCreatures": false,
          "message": "experience",
        },
        "hasGuardians": true,
      },
      "oaIndex": 2,
      "x": 1,
      "y": 1,
      "z": 0,
    },
    Object {
      "attributes": Object {
        "above": 0,
        "active": Array [
          0,
          0,
          0,
          0,
          0,
          64,
        ],
        "allowedLandscapes": 255,
        "header": "ah00_e.def",
        "landscapeGroup": 255,
        "metaType": "Hero",
        "objectGroup": "Heroes",
        "objectSubType": 0,
        "objectType": "Hero",
        "passable": Array [
          255,
          255,
          255,
          255,
          255,
          191,
        ],
      },
      "body": Object {
        "absodId": 2282018816,
        "artifacts": null,
        "biography": Object {
          "biography": null,
          "hasBiography": false,
        },
        "creatures": null,
        "experience": null,
        "face": null,
        "formation": "Spread",
        "gender": "Default",
        "hasArtifacts": false,
        "hasCreatures": false,
        "hasExperience": false,
        "hasFace": false,
        "hasName": false,
        "hasPrimarySkills": false,
        "hasSecondarySkills": false,
        "hasSpells": false,
        "hero": "Valeska",
        "name": null,
        "owner": "Red",
        "patrolRadius": 255,
        "primarySkills": null,
        "secondarySkills": null,
        "spells": null,
      },
      "oaIndex": 3,
      "x": 2,
      "y": 15,
      "z": 0,
    },
    Object {
      "attributes": Object {
        "above": 0,
        "active": Array [
          0,
          0,
          0,
          0,
          0,
          64,
        ],
        "allowedLandscapes": 255,
        "header": "ah01_e.def",
        "landscapeGroup": 255,
        "metaType": "Hero",
        "objectGroup": "Heroes",
        "objectSubType": 1,
        "objectType": "Hero",
        "passable": Array [
          255,
          255,
          255,
          255,
          255,
          191,
        ],
      },
      "body": Object {
        "absodId": 2282018817,
        "artifacts": null,
        "biography": Object {
          "biography": null,
          "hasBiography": false,
        },
        "creatures": null,
        "experience": null,
        "face": null,
        "formation": "Spread",
        "gender": "Default",
        "hasArtifacts": false,
        "hasCreatures": false,
        "hasExperience": false,
        "hasFace": false,
        "hasName": false,
        "hasPrimarySkills": false,
        "hasSecondarySkills": false,
        "hasSpells": false,
        "hero": "Caitlin",
        "name": null,
        "owner": "Blue",
        "patrolRadius": 255,
        "primarySkills": null,
        "secondarySkills": null,
        "spells": null,
      },
      "oaIndex": 4,
      "x": 4,
      "y": 15,
      "z": 0,
    },
    Object {
      "attributes": Object {
        "above": 0,
        "active": Array [
          0,
          0,
          0,
          0,
          0,
          64,
        ],
        "allowedLandscapes": 255,
        "header": "ah03_e.def",
        "landscapeGroup": 255,
        "metaType": "Hero",
        "objectGroup": "Heroes",
        "objectSubType": 3,
        "objectType": "Hero",
        "passable": Array [
          255,
          255,
          255,
          255,
          255,
          191,
        ],
      },
      "body": Object {
        "absodId": 2282018818,
        "artifacts": null,
        "biography": Object {
          "biography": null,
          "hasBiography": false,
        },
        "creatures": null,
        "experience": null,
        "face": null,
        "formation": "Spread",
        "gender": "Default",
        "hasArtifacts": false,
        "hasCreatures": false,
        "hasExperience": false,
        "hasFace": false,
        "hasName": false,
        "hasPrimarySkills": false,
        "hasSecondarySkills": false,
        "hasSpells": false,
        "hero": "Uland",
        "name": null,
        "owner": "Tan",
        "patrolRadius": 255,
        "primarySkills": null,
        "secondarySkills": null,
        "spells": null,
      },
      "oaIndex": 5,
      "x": 7,
      "y": 15,
      "z": 0,
    },
    Object {
      "attributes": Object {
        "above": 0,
        "active": Array [
          0,
          0,
          0,
          0,
          0,
          64,
        ],
        "allowedLandscapes": 255,
        "header": "ah06_e.def",
        "landscapeGroup": 255,
        "metaType": "Hero",
        "objectGroup": "Heroes",
        "objectSubType": 6,
        "objectType": "Hero",
        "passable": Array [
          255,
          255,
          255,
          255,
          255,
          191,
        ],
      },
      "body": Object {
        "absodId": 2282018820,
        "artifacts": null,
        "biography": Object {
          "biography": null,
          "hasBiography": false,
        },
        "creatures": null,
        "experience": null,
        "face": null,
        "formation": "Spread",
        "gender": "Default",
        "hasArtifacts": false,
        "hasCreatures": false,
        "hasExperience": false,
        "hasFace": false,
        "hasName": false,
        "hasPrimarySkills": false,
        "hasSecondarySkills": false,
        "hasSpells": false,
        "hero": "Calh",
        "name": null,
        "owner": "Green",
        "patrolRadius": 255,
        "primarySkills": null,
        "secondarySkills": null,
        "spells": null,
      },
      "oaIndex": 6,
      "x": 10,
      "y": 15,
      "z": 0,
    },
    Object {
      "attributes": Object {
        "above": 0,
        "active": Array [
          0,
          0,
          0,
          0,
          0,
          64,
        ],
        "allowedLandscapes": 255,
        "header": "ah12_e.def",
        "landscapeGroup": 255,
        "metaType": "Hero",
        "objectGroup": "Heroes",
        "objectSubType": 12,
        "objectType": "Hero",
        "passable": Array [
          255,
          255,
          255,
          255,
          255,
          191,
        ],
      },
      "body": Object {
        "absodId": 2282018821,
        "artifacts": null,
        "biography": Object {
          "biography": null,
          "hasBiography": false,
        },
        "creatures": null,
        "experience": null,
        "face": null,
        "formation": "Spread",
        "gender": "Default",
        "hasArtifacts": false,
        "hasCreatures": false,
        "hasExperience": false,
        "hasFace": false,
        "hasName": false,
        "hasPrimarySkills": false,
        "hasSecondarySkills": false,
        "hasSpells": false,
        "hero": "CragHack",
        "name": null,
        "owner": "Orange",
        "patrolRadius": 255,
        "primarySkills": null,
        "secondarySkills": null,
        "spells": null,
      },
      "oaIndex": 7,
      "x": 13,
      "y": 15,
      "z": 0,
    },
    Object {
      "attributes": Object {
        "above": 0,
        "active": Array [
          0,
          0,
          0,
          0,
          0,
          64,
        ],
        "allowedLandscapes": 255,
        "header": "ah13_e.def",
        "landscapeGroup": 255,
        "metaType": "Hero",
        "objectGroup": "Heroes",
        "objectSubType": 13,
        "objectType": "Hero",
        "passable": Array [
          255,
          255,
          255,
          255,
          255,
          191,
        ],
      },
      "body": Object {
        "absodId": 2282018822,
        "artifacts": null,
        "biography": Object {
          "biography": null,
          "hasBiography": false,
        },
        "creatures": null,
        "experience": null,
        "face": null,
        "formation": "Spread",
        "gender": "Default",
        "hasArtifacts": false,
        "hasCreatures": false,
        "hasExperience": false,
        "hasFace": false,
        "hasName": false,
        "hasPrimarySkills": false,
        "hasSecondarySkills": false,
        "hasSpells": false,
        "hero": "Gird",
        "name": null,
        "owner": "Purple",
        "patrolRadius": 255,
        "primarySkills": null,
        "secondarySkills": null,
        "spells": null,
      },
      "oaIndex": 8,
      "x": 16,
      "y": 15,
      "z": 0,
    },
    Object {
      "attributes": Object {
        "above": 0,
        "active": Array [
          0,
          0,
          0,
          0,
          0,
          64,
        ],
        "allowedLandscapes": 255,
        "header": "ah14_e.def",
        "landscapeGroup": 255,
        "metaType": "Hero",
        "objectGroup": "Heroes",
        "objectSubType": 14,
        "objectType": "Hero",
        "passable": Array [
          255,
          255,
          255,
          255,
          255,
          191,
        ],
      },
      "body": Object {
        "absodId": 2282018823,
        "artifacts": null,
        "biography": Object {
          "biography": null,
          "hasBiography": false,
        },
        "creatures": null,
        "experience": null,
        "face": null,
        "formation": "Spread",
        "gender": "Default",
        "hasArtifacts": false,
        "hasCreatures": false,
        "hasExperience": false,
        "hasFace": false,
        "hasName": false,
        "hasPrimarySkills": false,
        "hasSecondarySkills": false,
        "hasSpells": false,
        "hero": "Wystan",
        "name": null,
        "owner": "Teal",
        "patrolRadius": 255,
        "primarySkills": null,
        "secondarySkills": null,
        "spells": null,
      },
      "oaIndex": 9,
      "x": 19,
      "y": 15,
      "z": 0,
    },
    Object {
      "attributes": Object {
        "above": 0,
        "active": Array [
          0,
          0,
          0,
          0,
          0,
          64,
        ],
        "allowedLandscapes": 255,
        "header": "ahrandom.def",
        "landscapeGroup": 255,
        "metaType": "RandomHero",
        "objectGroup": "Heroes",
        "objectSubType": 0,
        "objectType": "RandomHero",
        "passable": Array [
          255,
          255,
          255,
          255,
          255,
          191,
        ],
      },
      "body": Object {
        "absodId": 2282018824,
        "artifacts": null,
        "biography": Object {
          "biography": null,
          "hasBiography": false,
        },
        "creatures": null,
        "experience": null,
        "face": null,
        "formation": "Spread",
        "gender": "Default",
        "hasArtifacts": false,
        "hasCreatures": false,
        "hasExperience": false,
        "hasFace": false,
        "hasName": false,
        "hasPrimarySkills": false,
        "hasSecondarySkills": false,
        "hasSpells": false,
        "hero": "NONE",
        "name": null,
        "owner": "Pink",
        "patrolRadius": 255,
        "primarySkills": null,
        "secondarySkills": null,
        "spells": null,
      },
      "oaIndex": 10,
      "x": 21,
      "y": 15,
      "z": 0,
    },
    Object {
      "attributes": Object {
        "above": 0,
        "active": Array [
          0,
          0,
          0,
          0,
          0,
          128,
        ],
        "allowedLandscapes": 511,
        "header": "AVZevnt0.def",
        "landscapeGroup": 511,
        "metaType": "Event",
        "objectGroup": "",
        "objectSubType": 0,
        "objectType": "Event",
        "passable": Array [
          255,
          255,
          255,
          255,
          255,
          127,
        ],
      },
      "body": Object {
        "appliesToComputer": false,
        "appliesToPlayers": Array [
          "Red",
          "Blue",
          "Tan",
          "Green",
          "Orange",
          "Purple",
          "Teal",
          "Pink",
        ],
        "cancelAfterVisit": true,
        "contents": Object {
          "artifacts": Array [],
          "artifactsCount": 0,
          "creatures": Array [],
          "creaturesCount": 0,
          "experience": 0,
          "luck": 0,
          "morale": 0,
          "primarySkills": Object {
            "attack": 0,
            "defense": 0,
            "knowledge": 0,
            "spellPower": 0,
          },
          "resources": Array [
            0,
            0,
            0,
            0,
            0,
            0,
            0,
          ],
          "secondarySkills": Array [],
          "secondarySkillsCount": 0,
          "spellPoints": 3,
          "spells": Array [],
          "spellsCount": 0,
        },
        "guardians": Object {
          "creatures": null,
          "hasCreatures": false,
          "message": "give 3 spell points",
        },
        "hasGuardians": true,
      },
      "oaIndex": 2,
      "x": 3,
      "y": 1,
      "z": 0,
    },
    Object {
      "attributes": Object {
        "above": 0,
        "active": Array [
          0,
          0,
          0,
          0,
          0,
          128,
        ],
        "allowedLandscapes": 511,
        "header": "AVZevnt0.def",
        "landscapeGroup": 511,
        "metaType": "Event",
        "objectGroup": "",
        "objectSubType": 0,
        "objectType": "Event",
        "passable": Array [
          255,
          255,
          255,
          255,
          255,
          127,
        ],
      },
      "body": Object {
        "appliesToComputer": false,
        "appliesToPlayers": Array [
          "Red",
          "Blue",
          "Tan",
          "Green",
          "Orange",
          "Purple",
          "Teal",
          "Pink",
        ],
        "cancelAfterVisit": true,
        "contents": Object {
          "artifacts": Array [],
          "artifactsCount": 0,
          "creatures": Array [],
          "creaturesCount": 0,
          "experience": 0,
          "luck": 0,
          "morale": 0,
          "primarySkills": Object {
            "attack": 0,
            "defense": 0,
            "knowledge": 0,
            "spellPower": 0,
          },
          "resources": Array [
            0,
            0,
            0,
            0,
            0,
            0,
            0,
          ],
          "secondarySkills": Array [],
          "secondarySkillsCount": 0,
          "spellPoints": -2,
          "spells": Array [],
          "spellsCount": 0,
        },
        "guardians": Object {
          "creatures": null,
          "hasCreatures": false,
          "message": "take 2 spell points",
        },
        "hasGuardians": true,
      },
      "oaIndex": 2,
      "x": 5,
      "y": 1,
      "z": 0,
    },
    Object {
      "attributes": Object {
        "above": 0,
        "active": Array [
          0,
          0,
          0,
          0,
          0,
          128,
        ],
        "allowedLandscapes": 511,
        "header": "AVZevnt0.def",
        "landscapeGroup": 511,
        "metaType": "Event",
        "objectGroup": "",
        "objectSubType": 0,
        "objectType": "Event",
        "passable": Array [
          255,
          255,
          255,
          255,
          255,
          127,
        ],
      },
      "body": Object {
        "appliesToComputer": false,
        "appliesToPlayers": Array [
          "Red",
          "Blue",
          "Tan",
          "Green",
          "Orange",
          "Purple",
          "Teal",
          "Pink",
        ],
        "cancelAfterVisit": true,
        "contents": Object {
          "artifacts": Array [],
          "artifactsCount": 0,
          "creatures": Array [],
          "creaturesCount": 0,
          "experience": 0,
          "luck": 0,
          "morale": 2,
          "primarySkills": Object {
            "attack": 0,
            "defense": 0,
            "knowledge": 0,
            "spellPower": 0,
          },
          "resources": Array [
            0,
            0,
            0,
            0,
            0,
            0,
            0,
          ],
          "secondarySkills": Array [],
          "secondarySkillsCount": 0,
          "spellPoints": 0,
          "spells": Array [],
          "spellsCount": 0,
        },
        "guardians": Object {
          "creatures": null,
          "hasCreatures": false,
          "message": "morale +2",
        },
        "hasGuardians": true,
      },
      "oaIndex": 2,
      "x": 7,
      "y": 1,
      "z": 0,
    },
    Object {
      "attributes": Object {
        "above": 0,
        "active": Array [
          0,
          0,
          0,
          0,
          0,
          128,
        ],
        "allowedLandscapes": 511,
        "header": "AVZevnt0.def",
        "landscapeGroup": 511,
        "metaType": "Event",
        "objectGroup": "",
        "objectSubType": 0,
        "objectType": "Event",
        "passable": Array [
          255,
          255,
          255,
          255,
          255,
          127,
        ],
      },
      "body": Object {
        "appliesToComputer": false,
        "appliesToPlayers": Array [
          "Red",
          "Blue",
          "Tan",
          "Green",
          "Orange",
          "Purple",
          "Teal",
          "Pink",
        ],
        "cancelAfterVisit": true,
        "contents": Object {
          "artifacts": Array [],
          "artifactsCount": 0,
          "creatures": Array [],
          "creaturesCount": 0,
          "experience": 0,
          "luck": 0,
          "morale": -3,
          "primarySkills": Object {
            "attack": 0,
            "defense": 0,
            "knowledge": 0,
            "spellPower": 0,
          },
          "resources": Array [
            0,
            0,
            0,
            0,
            0,
            0,
            0,
          ],
          "secondarySkills": Array [],
          "secondarySkillsCount": 0,
          "spellPoints": 0,
          "spells": Array [],
          "spellsCount": 0,
        },
        "guardians": Object {
          "creatures": null,
          "hasCreatures": false,
          "message": "morale -3",
        },
        "hasGuardians": true,
      },
      "oaIndex": 2,
      "x": 9,
      "y": 1,
      "z": 0,
    },
    Object {
      "attributes": Object {
        "above": 0,
        "active": Array [
          0,
          0,
          0,
          0,
          0,
          128,
        ],
        "allowedLandscapes": 511,
        "header": "AVZevnt0.def",
        "landscapeGroup": 511,
        "metaType": "Event",
        "objectGroup": "",
        "objectSubType": 0,
        "objectType": "Event",
        "passable": Array [
          255,
          255,
          255,
          255,
          255,
          127,
        ],
      },
      "body": Object {
        "appliesToComputer": false,
        "appliesToPlayers": Array [
          "Red",
          "Blue",
          "Tan",
          "Green",
          "Orange",
          "Purple",
          "Teal",
          "Pink",
        ],
        "cancelAfterVisit": true,
        "contents": Object {
          "artifacts": Array [],
          "artifactsCount": 0,
          "creatures": Array [],
          "creaturesCount": 0,
          "experience": 0,
          "luck": 3,
          "morale": 0,
          "primarySkills": Object {
            "attack": 0,
            "defense": 0,
            "knowledge": 0,
            "spellPower": 0,
          },
          "resources": Array [
            0,
            0,
            0,
            0,
            0,
            0,
            0,
          ],
          "secondarySkills": Array [],
          "secondarySkillsCount": 0,
          "spellPoints": 0,
          "spells": Array [],
          "spellsCount": 0,
        },
        "guardians": Object {
          "creatures": null,
          "hasCreatures": false,
          "message": "luck =3",
        },
        "hasGuardians": true,
      },
      "oaIndex": 2,
      "x": 11,
      "y": 1,
      "z": 0,
    },
    Object {
      "attributes": Object {
        "above": 0,
        "active": Array [
          0,
          0,
          0,
          0,
          0,
          128,
        ],
        "allowedLandscapes": 511,
        "header": "AVZevnt0.def",
        "landscapeGroup": 511,
        "metaType": "Event",
        "objectGroup": "",
        "objectSubType": 0,
        "objectType": "Event",
        "passable": Array [
          255,
          255,
          255,
          255,
          255,
          127,
        ],
      },
      "body": Object {
        "appliesToComputer": false,
        "appliesToPlayers": Array [
          "Red",
          "Blue",
          "Tan",
          "Green",
          "Orange",
          "Purple",
          "Teal",
          "Pink",
        ],
        "cancelAfterVisit": true,
        "contents": Object {
          "artifacts": Array [],
          "artifactsCount": 0,
          "creatures": Array [],
          "creaturesCount": 0,
          "experience": 0,
          "luck": -1,
          "morale": 0,
          "primarySkills": Object {
            "attack": 0,
            "defense": 0,
            "knowledge": 0,
            "spellPower": 0,
          },
          "resources": Array [
            0,
            0,
            0,
            0,
            0,
            0,
            0,
          ],
          "secondarySkills": Array [],
          "secondarySkillsCount": 0,
          "spellPoints": 0,
          "spells": Array [],
          "spellsCount": 0,
        },
        "guardians": Object {
          "creatures": null,
          "hasCreatures": false,
          "message": "luck -1",
        },
        "hasGuardians": true,
      },
      "oaIndex": 2,
      "x": 13,
      "y": 1,
      "z": 0,
    },
    Object {
      "attributes": Object {
        "above": 0,
        "active": Array [
          0,
          0,
          0,
          0,
          0,
          128,
        ],
        "allowedLandscapes": 511,
        "header": "AVZevnt0.def",
        "landscapeGroup": 511,
        "metaType": "Event",
        "objectGroup": "",
        "objectSubType": 0,
        "objectType": "Event",
        "passable": Array [
          255,
          255,
          255,
          255,
          255,
          127,
        ],
      },
      "body": Object {
        "appliesToComputer": false,
        "appliesToPlayers": Array [
          "Red",
          "Blue",
          "Tan",
          "Green",
          "Orange",
          "Purple",
          "Teal",
          "Pink",
        ],
        "cancelAfterVisit": true,
        "contents": Object {
          "artifacts": Array [],
          "artifactsCount": 0,
          "creatures": Array [],
          "creaturesCount": 0,
          "experience": 0,
          "luck": 0,
          "morale": 0,
          "primarySkills": Object {
            "attack": 0,
            "defense": 0,
            "knowledge": 0,
            "spellPower": 0,
          },
          "resources": Array [
            1,
            2,
            3,
            4,
            5,
            6,
            7,
          ],
          "secondarySkills": Array [],
          "secondarySkillsCount": 0,
          "spellPoints": 0,
          "spells": Array [],
          "spellsCount": 0,
        },
        "guardians": Object {
          "creatures": null,
          "hasCreatures": false,
          "message": "give resources",
        },
        "hasGuardians": true,
      },
      "oaIndex": 2,
      "x": 15,
      "y": 1,
      "z": 0,
    },
    Object {
      "attributes": Object {
        "above": 0,
        "active": Array [
          0,
          0,
          0,
          0,
          0,
          128,
        ],
        "allowedLandscapes": 511,
        "header": "AVZevnt0.def",
        "landscapeGroup": 511,
        "metaType": "Event",
        "objectGroup": "",
        "objectSubType": 0,
        "objectType": "Event",
        "passable": Array [
          255,
          255,
          255,
          255,
          255,
          127,
        ],
      },
      "body": Object {
        "appliesToComputer": false,
        "appliesToPlayers": Array [
          "Red",
          "Blue",
          "Tan",
          "Green",
          "Orange",
          "Purple",
          "Teal",
          "Pink",
        ],
        "cancelAfterVisit": true,
        "contents": Object {
          "artifacts": Array [],
          "artifactsCount": 0,
          "creatures": Array [],
          "creaturesCount": 0,
          "experience": 0,
          "luck": 0,
          "morale": 0,
          "primarySkills": Object {
            "attack": 0,
            "defense": 0,
            "knowledge": 0,
            "spellPower": 0,
          },
          "resources": Array [
            -1,
            -2,
            -3,
            -4,
            -5,
            -6,
            -7,
          ],
          "secondarySkills": Array [],
          "secondarySkillsCount": 0,
          "spellPoints": 0,
          "spells": Array [],
          "spellsCount": 0,
        },
        "guardians": Object {
          "creatures": null,
          "hasCreatures": false,
          "message": "take resources",
        },
        "hasGuardians": true,
      },
      "oaIndex": 2,
      "x": 17,
      "y": 1,
      "z": 0,
    },
    Object {
      "attributes": Object {
        "above": 0,
        "active": Array [
          0,
          0,
          0,
          0,
          0,
          128,
        ],
        "allowedLandscapes": 511,
        "header": "AVZevnt0.def",
        "landscapeGroup": 511,
        "metaType": "Event",
        "objectGroup": "",
        "objectSubType": 0,
        "objectType": "Event",
        "passable": Array [
          255,
          255,
          255,
          255,
          255,
          127,
        ],
      },
      "body": Object {
        "appliesToComputer": false,
        "appliesToPlayers": Array [
          "Red",
          "Blue",
          "Tan",
          "Green",
          "Orange",
          "Purple",
          "Teal",
          "Pink",
        ],
        "cancelAfterVisit": true,
        "contents": Object {
          "artifacts": Array [],
          "artifactsCount": 0,
          "creatures": Array [],
          "creaturesCount": 0,
          "experience": 0,
          "luck": 0,
          "morale": 0,
          "primarySkills": Object {
            "attack": 1,
            "defense": 2,
            "knowledge": 4,
            "spellPower": 3,
          },
          "resources": Array [
            0,
            0,
            0,
            0,
            0,
            0,
            0,
          ],
          "secondarySkills": Array [],
          "secondarySkillsCount": 0,
          "spellPoints": 0,
          "spells": Array [],
          "spellsCount": 0,
        },
        "guardians": Object {
          "creatures": null,
          "hasCreatures": false,
          "message": "primary skills",
        },
        "hasGuardians": true,
      },
      "oaIndex": 2,
      "x": 19,
      "y": 1,
      "z": 0,
    },
    Object {
      "attributes": Object {
        "above": 0,
        "active": Array [
          0,
          0,
          0,
          0,
          0,
          128,
        ],
        "allowedLandscapes": 511,
        "header": "AVZevnt0.def",
        "landscapeGroup": 511,
        "metaType": "Event",
        "objectGroup": "",
        "objectSubType": 0,
        "objectType": "Event",
        "passable": Array [
          255,
          255,
          255,
          255,
          255,
          127,
        ],
      },
      "body": Object {
        "appliesToComputer": false,
        "appliesToPlayers": Array [
          "Red",
          "Blue",
          "Tan",
          "Green",
          "Orange",
          "Purple",
          "Teal",
          "Pink",
        ],
        "cancelAfterVisit": true,
        "contents": Object {
          "artifacts": Array [],
          "artifactsCount": 0,
          "creatures": Array [],
          "creaturesCount": 0,
          "experience": 0,
          "luck": 0,
          "morale": 0,
          "primarySkills": Object {
            "attack": 0,
            "defense": 0,
            "knowledge": 0,
            "spellPower": 0,
          },
          "resources": Array [
            0,
            0,
            0,
            0,
            0,
            0,
            0,
          ],
          "secondarySkills": Array [
            Object {
              "level": "Expert",
              "type": "Diplomacy",
            },
          ],
          "secondarySkillsCount": 1,
          "spellPoints": 0,
          "spells": Array [],
          "spellsCount": 0,
        },
        "guardians": Object {
          "creatures": null,
          "hasCreatures": false,
          "message": "secondary skill diplomacy expert",
        },
        "hasGuardians": true,
      },
      "oaIndex": 2,
      "x": 21,
      "y": 1,
      "z": 0,
    },
    Object {
      "attributes": Object {
        "above": 0,
        "active": Array [
          0,
          0,
          0,
          0,
          0,
          128,
        ],
        "allowedLandscapes": 511,
        "header": "AVZevnt0.def",
        "landscapeGroup": 511,
        "metaType": "Event",
        "objectGroup": "",
        "objectSubType": 0,
        "objectType": "Event",
        "passable": Array [
          255,
          255,
          255,
          255,
          255,
          127,
        ],
      },
      "body": Object {
        "appliesToComputer": false,
        "appliesToPlayers": Array [
          "Red",
          "Blue",
          "Tan",
          "Green",
          "Orange",
          "Purple",
          "Teal",
          "Pink",
        ],
        "cancelAfterVisit": true,
        "contents": Object {
          "artifacts": Array [
            "ArmsOfLegion",
          ],
          "artifactsCount": 1,
          "creatures": Array [],
          "creaturesCount": 0,
          "experience": 0,
          "luck": 0,
          "morale": 0,
          "primarySkills": Object {
            "attack": 0,
            "defense": 0,
            "knowledge": 0,
            "spellPower": 0,
          },
          "resources": Array [
            0,
            0,
            0,
            0,
            0,
            0,
            0,
          ],
          "secondarySkills": Array [],
          "secondarySkillsCount": 0,
          "spellPoints": 0,
          "spells": Array [],
          "spellsCount": 0,
        },
        "guardians": Object {
          "creatures": null,
          "hasCreatures": false,
          "message": "artifacts arms of legion",
        },
        "hasGuardians": true,
      },
      "oaIndex": 2,
      "x": 23,
      "y": 1,
      "z": 0,
    },
    Object {
      "attributes": Object {
        "above": 0,
        "active": Array [
          0,
          0,
          0,
          0,
          0,
          128,
        ],
        "allowedLandscapes": 511,
        "header": "AVZevnt0.def",
        "landscapeGroup": 511,
        "metaType": "Event",
        "objectGroup": "",
        "objectSubType": 0,
        "objectType": "Event",
        "passable": Array [
          255,
          255,
          255,
          255,
          255,
          127,
        ],
      },
      "body": Object {
        "appliesToComputer": false,
        "appliesToPlayers": Array [
          "Red",
          "Blue",
          "Tan",
          "Green",
          "Orange",
          "Purple",
          "Teal",
          "Pink",
        ],
        "cancelAfterVisit": true,
        "contents": Object {
          "artifacts": Array [],
          "artifactsCount": 0,
          "creatures": Array [],
          "creaturesCount": 0,
          "experience": 0,
          "luck": 0,
          "morale": 0,
          "primarySkills": Object {
            "attack": 0,
            "defense": 0,
            "knowledge": 0,
            "spellPower": 0,
          },
          "resources": Array [
            0,
            0,
            0,
            0,
            0,
            0,
            0,
          ],
          "secondarySkills": Array [],
          "secondarySkillsCount": 0,
          "spellPoints": 0,
          "spells": Array [
            "Clone",
          ],
          "spellsCount": 1,
        },
        "guardians": Object {
          "creatures": null,
          "hasCreatures": false,
          "message": "spells clone",
        },
        "hasGuardians": true,
      },
      "oaIndex": 2,
      "x": 25,
      "y": 1,
      "z": 0,
    },
    Object {
      "attributes": Object {
        "above": 0,
        "active": Array [
          0,
          0,
          0,
          0,
          0,
          128,
        ],
        "allowedLandscapes": 511,
        "header": "AVZevnt0.def",
        "landscapeGroup": 511,
        "metaType": "Event",
        "objectGroup": "",
        "objectSubType": 0,
        "objectType": "Event",
        "passable": Array [
          255,
          255,
          255,
          255,
          255,
          127,
        ],
      },
      "body": Object {
        "appliesToComputer": false,
        "appliesToPlayers": Array [
          "Red",
          "Blue",
          "Tan",
          "Green",
          "Orange",
          "Purple",
          "Teal",
          "Pink",
        ],
        "cancelAfterVisit": true,
        "contents": Object {
          "artifacts": Array [],
          "artifactsCount": 0,
          "creatures": Array [
            Object {
              "quantity": 5,
              "type": "Monk",
            },
          ],
          "creaturesCount": 1,
          "experience": 0,
          "luck": 0,
          "morale": 0,
          "primarySkills": Object {
            "attack": 0,
            "defense": 0,
            "knowledge": 0,
            "spellPower": 0,
          },
          "resources": Array [
            0,
            0,
            0,
            0,
            0,
            0,
            0,
          ],
          "secondarySkills": Array [],
          "secondarySkillsCount": 0,
          "spellPoints": 0,
          "spells": Array [],
          "spellsCount": 0,
        },
        "guardians": Object {
          "creatures": null,
          "hasCreatures": false,
          "message": "creatures monk 5",
        },
        "hasGuardians": true,
      },
      "oaIndex": 2,
      "x": 27,
      "y": 1,
      "z": 0,
    },
    Object {
      "attributes": Object {
        "above": 0,
        "active": Array [
          0,
          0,
          0,
          0,
          0,
          128,
        ],
        "allowedLandscapes": 511,
        "header": "AVZevnt0.def",
        "landscapeGroup": 511,
        "metaType": "Event",
        "objectGroup": "",
        "objectSubType": 0,
        "objectType": "Event",
        "passable": Array [
          255,
          255,
          255,
          255,
          255,
          127,
        ],
      },
      "body": Object {
        "appliesToComputer": false,
        "appliesToPlayers": Array [
          "Red",
        ],
        "cancelAfterVisit": true,
        "contents": Object {
          "artifacts": Array [],
          "artifactsCount": 0,
          "creatures": Array [],
          "creaturesCount": 0,
          "experience": 0,
          "luck": 0,
          "morale": 0,
          "primarySkills": Object {
            "attack": 0,
            "defense": 0,
            "knowledge": 0,
            "spellPower": 0,
          },
          "resources": Array [
            0,
            0,
            0,
            0,
            0,
            0,
            0,
          ],
          "secondarySkills": Array [],
          "secondarySkillsCount": 0,
          "spellPoints": 0,
          "spells": Array [],
          "spellsCount": 0,
        },
        "guardians": Object {
          "creatures": null,
          "hasCreatures": false,
          "message": "player 1",
        },
        "hasGuardians": true,
      },
      "oaIndex": 2,
      "x": 1,
      "y": 11,
      "z": 0,
    },
    Object {
      "attributes": Object {
        "above": 0,
        "active": Array [
          0,
          0,
          0,
          0,
          0,
          128,
        ],
        "allowedLandscapes": 511,
        "header": "AVZevnt0.def",
        "landscapeGroup": 511,
        "metaType": "Event",
        "objectGroup": "",
        "objectSubType": 0,
        "objectType": "Event",
        "passable": Array [
          255,
          255,
          255,
          255,
          255,
          127,
        ],
      },
      "body": Object {
        "appliesToComputer": false,
        "appliesToPlayers": Array [
          "Blue",
        ],
        "cancelAfterVisit": true,
        "contents": Object {
          "artifacts": Array [],
          "artifactsCount": 0,
          "creatures": Array [],
          "creaturesCount": 0,
          "experience": 0,
          "luck": 0,
          "morale": 0,
          "primarySkills": Object {
            "attack": 0,
            "defense": 0,
            "knowledge": 0,
            "spellPower": 0,
          },
          "resources": Array [
            0,
            0,
            0,
            0,
            0,
            0,
            0,
          ],
          "secondarySkills": Array [],
          "secondarySkillsCount": 0,
          "spellPoints": 0,
          "spells": Array [],
          "spellsCount": 0,
        },
        "guardians": Object {
          "creatures": null,
          "hasCreatures": false,
          "message": "player 2",
        },
        "hasGuardians": true,
      },
      "oaIndex": 2,
      "x": 3,
      "y": 11,
      "z": 0,
    },
    Object {
      "attributes": Object {
        "above": 0,
        "active": Array [
          0,
          0,
          0,
          0,
          0,
          128,
        ],
        "allowedLandscapes": 511,
        "header": "AVZevnt0.def",
        "landscapeGroup": 511,
        "metaType": "Event",
        "objectGroup": "",
        "objectSubType": 0,
        "objectType": "Event",
        "passable": Array [
          255,
          255,
          255,
          255,
          255,
          127,
        ],
      },
      "body": Object {
        "appliesToComputer": false,
        "appliesToPlayers": Array [
          "Tan",
        ],
        "cancelAfterVisit": true,
        "contents": Object {
          "artifacts": Array [],
          "artifactsCount": 0,
          "creatures": Array [],
          "creaturesCount": 0,
          "experience": 0,
          "luck": 0,
          "morale": 0,
          "primarySkills": Object {
            "attack": 0,
            "defense": 0,
            "knowledge": 0,
            "spellPower": 0,
          },
          "resources": Array [
            0,
            0,
            0,
            0,
            0,
            0,
            0,
          ],
          "secondarySkills": Array [],
          "secondarySkillsCount": 0,
          "spellPoints": 0,
          "spells": Array [],
          "spellsCount": 0,
        },
        "guardians": Object {
          "creatures": null,
          "hasCreatures": false,
          "message": "player 3",
        },
        "hasGuardians": true,
      },
      "oaIndex": 2,
      "x": 5,
      "y": 11,
      "z": 0,
    },
    Object {
      "attributes": Object {
        "above": 0,
        "active": Array [
          0,
          0,
          0,
          0,
          0,
          128,
        ],
        "allowedLandscapes": 511,
        "header": "AVZevnt0.def",
        "landscapeGroup": 511,
        "metaType": "Event",
        "objectGroup": "",
        "objectSubType": 0,
        "objectType": "Event",
        "passable": Array [
          255,
          255,
          255,
          255,
          255,
          127,
        ],
      },
      "body": Object {
        "appliesToComputer": false,
        "appliesToPlayers": Array [
          "Green",
        ],
        "cancelAfterVisit": true,
        "contents": Object {
          "artifacts": Array [],
          "artifactsCount": 0,
          "creatures": Array [],
          "creaturesCount": 0,
          "experience": 0,
          "luck": 0,
          "morale": 0,
          "primarySkills": Object {
            "attack": 0,
            "defense": 0,
            "knowledge": 0,
            "spellPower": 0,
          },
          "resources": Array [
            0,
            0,
            0,
            0,
            0,
            0,
            0,
          ],
          "secondarySkills": Array [],
          "secondarySkillsCount": 0,
          "spellPoints": 0,
          "spells": Array [],
          "spellsCount": 0,
        },
        "guardians": Object {
          "creatures": null,
          "hasCreatures": false,
          "message": "player 4",
        },
        "hasGuardians": true,
      },
      "oaIndex": 2,
      "x": 7,
      "y": 11,
      "z": 0,
    },
    Object {
      "attributes": Object {
        "above": 0,
        "active": Array [
          0,
          0,
          0,
          0,
          0,
          128,
        ],
        "allowedLandscapes": 511,
        "header": "AVZevnt0.def",
        "landscapeGroup": 511,
        "metaType": "Event",
        "objectGroup": "",
        "objectSubType": 0,
        "objectType": "Event",
        "passable": Array [
          255,
          255,
          255,
          255,
          255,
          127,
        ],
      },
      "body": Object {
        "appliesToComputer": false,
        "appliesToPlayers": Array [
          "Orange",
        ],
        "cancelAfterVisit": true,
        "contents": Object {
          "artifacts": Array [],
          "artifactsCount": 0,
          "creatures": Array [],
          "creaturesCount": 0,
          "experience": 0,
          "luck": 0,
          "morale": 0,
          "primarySkills": Object {
            "attack": 0,
            "defense": 0,
            "knowledge": 0,
            "spellPower": 0,
          },
          "resources": Array [
            0,
            0,
            0,
            0,
            0,
            0,
            0,
          ],
          "secondarySkills": Array [],
          "secondarySkillsCount": 0,
          "spellPoints": 0,
          "spells": Array [],
          "spellsCount": 0,
        },
        "guardians": Object {
          "creatures": null,
          "hasCreatures": false,
          "message": "player 5",
        },
        "hasGuardians": true,
      },
      "oaIndex": 2,
      "x": 9,
      "y": 11,
      "z": 0,
    },
    Object {
      "attributes": Object {
        "above": 0,
        "active": Array [
          0,
          0,
          0,
          0,
          0,
          128,
        ],
        "allowedLandscapes": 511,
        "header": "AVZevnt0.def",
        "landscapeGroup": 511,
        "metaType": "Event",
        "objectGroup": "",
        "objectSubType": 0,
        "objectType": "Event",
        "passable": Array [
          255,
          255,
          255,
          255,
          255,
          127,
        ],
      },
      "body": Object {
        "appliesToComputer": false,
        "appliesToPlayers": Array [
          "Purple",
        ],
        "cancelAfterVisit": true,
        "contents": Object {
          "artifacts": Array [],
          "artifactsCount": 0,
          "creatures": Array [],
          "creaturesCount": 0,
          "experience": 0,
          "luck": 0,
          "morale": 0,
          "primarySkills": Object {
            "attack": 0,
            "defense": 0,
            "knowledge": 0,
            "spellPower": 0,
          },
          "resources": Array [
            0,
            0,
            0,
            0,
            0,
            0,
            0,
          ],
          "secondarySkills": Array [],
          "secondarySkillsCount": 0,
          "spellPoints": 0,
          "spells": Array [],
          "spellsCount": 0,
        },
        "guardians": Object {
          "creatures": null,
          "hasCreatures": false,
          "message": "player 6",
        },
        "hasGuardians": true,
      },
      "oaIndex": 2,
      "x": 11,
      "y": 11,
      "z": 0,
    },
    Object {
      "attributes": Object {
        "above": 0,
        "active": Array [
          0,
          0,
          0,
          0,
          0,
          128,
        ],
        "allowedLandscapes": 511,
        "header": "AVZevnt0.def",
        "landscapeGroup": 511,
        "metaType": "Event",
        "objectGroup": "",
        "objectSubType": 0,
        "objectType": "Event",
        "passable": Array [
          255,
          255,
          255,
          255,
          255,
          127,
        ],
      },
      "body": Object {
        "appliesToComputer": false,
        "appliesToPlayers": Array [
          "Teal",
        ],
        "cancelAfterVisit": true,
        "contents": Object {
          "artifacts": Array [],
          "artifactsCount": 0,
          "creatures": Array [],
          "creaturesCount": 0,
          "experience": 0,
          "luck": 0,
          "morale": 0,
          "primarySkills": Object {
            "attack": 0,
            "defense": 0,
            "knowledge": 0,
            "spellPower": 0,
          },
          "resources": Array [
            0,
            0,
            0,
            0,
            0,
            0,
            0,
          ],
          "secondarySkills": Array [],
          "secondarySkillsCount": 0,
          "spellPoints": 0,
          "spells": Array [],
          "spellsCount": 0,
        },
        "guardians": Object {
          "creatures": null,
          "hasCreatures": false,
          "message": "player 7",
        },
        "hasGuardians": true,
      },
      "oaIndex": 2,
      "x": 13,
      "y": 11,
      "z": 0,
    },
    Object {
      "attributes": Object {
        "above": 0,
        "active": Array [
          0,
          0,
          0,
          0,
          0,
          128,
        ],
        "allowedLandscapes": 511,
        "header": "AVZevnt0.def",
        "landscapeGroup": 511,
        "metaType": "Event",
        "objectGroup": "",
        "objectSubType": 0,
        "objectType": "Event",
        "passable": Array [
          255,
          255,
          255,
          255,
          255,
          127,
        ],
      },
      "body": Object {
        "appliesToComputer": false,
        "appliesToPlayers": Array [
          "Pink",
        ],
        "cancelAfterVisit": true,
        "contents": Object {
          "artifacts": Array [],
          "artifactsCount": 0,
          "creatures": Array [],
          "creaturesCount": 0,
          "experience": 0,
          "luck": 0,
          "morale": 0,
          "primarySkills": Object {
            "attack": 0,
            "defense": 0,
            "knowledge": 0,
            "spellPower": 0,
          },
          "resources": Array [
            0,
            0,
            0,
            0,
            0,
            0,
            0,
          ],
          "secondarySkills": Array [],
          "secondarySkillsCount": 0,
          "spellPoints": 0,
          "spells": Array [],
          "spellsCount": 0,
        },
        "guardians": Object {
          "creatures": null,
          "hasCreatures": false,
          "message": "player 8",
        },
        "hasGuardians": true,
      },
      "oaIndex": 2,
      "x": 15,
      "y": 11,
      "z": 0,
    },
    Object {
      "attributes": Object {
        "above": 0,
        "active": Array [
          0,
          0,
          0,
          0,
          0,
          128,
        ],
        "allowedLandscapes": 511,
        "header": "AVZevnt0.def",
        "landscapeGroup": 511,
        "metaType": "Event",
        "objectGroup": "",
        "objectSubType": 0,
        "objectType": "Event",
        "passable": Array [
          255,
          255,
          255,
          255,
          255,
          127,
        ],
      },
      "body": Object {
        "appliesToComputer": true,
        "appliesToPlayers": Array [
          "Red",
          "Blue",
          "Tan",
          "Green",
          "Orange",
          "Purple",
          "Teal",
          "Pink",
        ],
        "cancelAfterVisit": false,
        "contents": Object {
          "artifacts": Array [],
          "artifactsCount": 0,
          "creatures": Array [],
          "creaturesCount": 0,
          "experience": 0,
          "luck": 0,
          "morale": 0,
          "primarySkills": Object {
            "attack": 0,
            "defense": 0,
            "knowledge": 0,
            "spellPower": 0,
          },
          "resources": Array [
            0,
            0,
            0,
            0,
            0,
            0,
            0,
          ],
          "secondarySkills": Array [],
          "secondarySkillsCount": 0,
          "spellPoints": 0,
          "spells": Array [],
          "spellsCount": 0,
        },
        "guardians": Object {
          "creatures": null,
          "hasCreatures": false,
          "message": "allow computer
no cancel after visit",
        },
        "hasGuardians": true,
      },
      "oaIndex": 2,
      "x": 1,
      "y": 6,
      "z": 0,
    },
  ],
}
`;
