// Jest Snapshot v1, https://goo.gl/fbAQLP

exports[`pandora box should parse pandora box 1`] = `
Object {
  "count": 15,
  "entries": Array [
    Object {
      "attributes": Object {
        "above": 0,
        "active": Array [
          0,
          0,
          0,
          0,
          0,
          128,
        ],
        "allowedLandscapes": 511,
        "header": "AVA0128.def",
        "landscapeGroup": 1,
        "metaType": "PandorasBox",
        "objectGroup": "Artifacts",
        "objectSubType": 0,
        "objectType": "PandorasBox",
        "passable": Array [
          255,
          255,
          255,
          255,
          255,
          127,
        ],
      },
      "body": Object {
        "data": Object {
          "contents": Object {
            "artifacts": Array [],
            "artifactsCount": 0,
            "creatures": Array [],
            "creaturesCount": 0,
            "experience": 1000,
            "luck": 0,
            "morale": 0,
            "primarySkills": Object {
              "attack": 0,
              "defense": 0,
              "knowledge": 0,
              "spellPower": 0,
            },
            "resources": Array [
              0,
              0,
              0,
              0,
              0,
              0,
              0,
            ],
            "secondarySkills": Array [],
            "secondarySkillsCount": 0,
            "spellPoints": 0,
            "spells": Array [],
            "spellsCount": 0,
          },
          "guardians": Object {
            "creatures": null,
            "hasCreatures": false,
            "message": "Experience",
          },
          "hasGuardians": true,
        },
        "type": "PandorasBox",
      },
      "oaIndex": 2,
      "x": 1,
      "y": 1,
      "z": 0,
    },
    Object {
      "attributes": Object {
        "above": 0,
        "active": Array [
          0,
          0,
          0,
          0,
          0,
          128,
        ],
        "allowedLandscapes": 511,
        "header": "AVA0128.def",
        "landscapeGroup": 1,
        "metaType": "PandorasBox",
        "objectGroup": "Artifacts",
        "objectSubType": 0,
        "objectType": "PandorasBox",
        "passable": Array [
          255,
          255,
          255,
          255,
          255,
          127,
        ],
      },
      "body": Object {
        "data": Object {
          "contents": Object {
            "artifacts": Array [],
            "artifactsCount": 0,
            "creatures": Array [],
            "creaturesCount": 0,
            "experience": 0,
            "luck": 0,
            "morale": 0,
            "primarySkills": Object {
              "attack": 0,
              "defense": 0,
              "knowledge": 0,
              "spellPower": 0,
            },
            "resources": Array [
              0,
              0,
              0,
              0,
              0,
              0,
              0,
            ],
            "secondarySkills": Array [],
            "secondarySkillsCount": 0,
            "spellPoints": 5,
            "spells": Array [],
            "spellsCount": 0,
          },
          "guardians": Object {
            "creatures": null,
            "hasCreatures": false,
            "message": "spell points",
          },
          "hasGuardians": true,
        },
        "type": "PandorasBox",
      },
      "oaIndex": 2,
      "x": 3,
      "y": 1,
      "z": 0,
    },
    Object {
      "attributes": Object {
        "above": 0,
        "active": Array [
          0,
          0,
          0,
          0,
          0,
          128,
        ],
        "allowedLandscapes": 511,
        "header": "AVA0128.def",
        "landscapeGroup": 1,
        "metaType": "PandorasBox",
        "objectGroup": "Artifacts",
        "objectSubType": 0,
        "objectType": "PandorasBox",
        "passable": Array [
          255,
          255,
          255,
          255,
          255,
          127,
        ],
      },
      "body": Object {
        "data": Object {
          "contents": Object {
            "artifacts": Array [],
            "artifactsCount": 0,
            "creatures": Array [],
            "creaturesCount": 0,
            "experience": 0,
            "luck": 0,
            "morale": 0,
            "primarySkills": Object {
              "attack": 0,
              "defense": 0,
              "knowledge": 0,
              "spellPower": 0,
            },
            "resources": Array [
              0,
              0,
              0,
              0,
              0,
              0,
              0,
            ],
            "secondarySkills": Array [],
            "secondarySkillsCount": 0,
            "spellPoints": -5,
            "spells": Array [],
            "spellsCount": 0,
          },
          "guardians": Object {
            "creatures": null,
            "hasCreatures": false,
            "message": "spell points take",
          },
          "hasGuardians": true,
        },
        "type": "PandorasBox",
      },
      "oaIndex": 2,
      "x": 5,
      "y": 1,
      "z": 0,
    },
    Object {
      "attributes": Object {
        "above": 0,
        "active": Array [
          0,
          0,
          0,
          0,
          0,
          128,
        ],
        "allowedLandscapes": 511,
        "header": "AVA0128.def",
        "landscapeGroup": 1,
        "metaType": "PandorasBox",
        "objectGroup": "Artifacts",
        "objectSubType": 0,
        "objectType": "PandorasBox",
        "passable": Array [
          255,
          255,
          255,
          255,
          255,
          127,
        ],
      },
      "body": Object {
        "data": Object {
          "contents": Object {
            "artifacts": Array [],
            "artifactsCount": 0,
            "creatures": Array [],
            "creaturesCount": 0,
            "experience": 0,
            "luck": 0,
            "morale": 2,
            "primarySkills": Object {
              "attack": 0,
              "defense": 0,
              "knowledge": 0,
              "spellPower": 0,
            },
            "resources": Array [
              0,
              0,
              0,
              0,
              0,
              0,
              0,
            ],
            "secondarySkills": Array [],
            "secondarySkillsCount": 0,
            "spellPoints": 0,
            "spells": Array [],
            "spellsCount": 0,
          },
          "guardians": Object {
            "creatures": null,
            "hasCreatures": false,
            "message": "morale",
          },
          "hasGuardians": true,
        },
        "type": "PandorasBox",
      },
      "oaIndex": 2,
      "x": 7,
      "y": 1,
      "z": 0,
    },
    Object {
      "attributes": Object {
        "above": 0,
        "active": Array [
          0,
          0,
          0,
          0,
          0,
          128,
        ],
        "allowedLandscapes": 511,
        "header": "AVA0128.def",
        "landscapeGroup": 1,
        "metaType": "PandorasBox",
        "objectGroup": "Artifacts",
        "objectSubType": 0,
        "objectType": "PandorasBox",
        "passable": Array [
          255,
          255,
          255,
          255,
          255,
          127,
        ],
      },
      "body": Object {
        "data": Object {
          "contents": Object {
            "artifacts": Array [],
            "artifactsCount": 0,
            "creatures": Array [],
            "creaturesCount": 0,
            "experience": 0,
            "luck": 0,
            "morale": -3,
            "primarySkills": Object {
              "attack": 0,
              "defense": 0,
              "knowledge": 0,
              "spellPower": 0,
            },
            "resources": Array [
              0,
              0,
              0,
              0,
              0,
              0,
              0,
            ],
            "secondarySkills": Array [],
            "secondarySkillsCount": 0,
            "spellPoints": 0,
            "spells": Array [],
            "spellsCount": 0,
          },
          "guardians": Object {
            "creatures": null,
            "hasCreatures": false,
            "message": "-morale",
          },
          "hasGuardians": true,
        },
        "type": "PandorasBox",
      },
      "oaIndex": 2,
      "x": 9,
      "y": 1,
      "z": 0,
    },
    Object {
      "attributes": Object {
        "above": 0,
        "active": Array [
          0,
          0,
          0,
          0,
          0,
          128,
        ],
        "allowedLandscapes": 511,
        "header": "AVA0128.def",
        "landscapeGroup": 1,
        "metaType": "PandorasBox",
        "objectGroup": "Artifacts",
        "objectSubType": 0,
        "objectType": "PandorasBox",
        "passable": Array [
          255,
          255,
          255,
          255,
          255,
          127,
        ],
      },
      "body": Object {
        "data": Object {
          "contents": Object {
            "artifacts": Array [],
            "artifactsCount": 0,
            "creatures": Array [],
            "creaturesCount": 0,
            "experience": 0,
            "luck": 2,
            "morale": 0,
            "primarySkills": Object {
              "attack": 0,
              "defense": 0,
              "knowledge": 0,
              "spellPower": 0,
            },
            "resources": Array [
              0,
              0,
              0,
              0,
              0,
              0,
              0,
            ],
            "secondarySkills": Array [],
            "secondarySkillsCount": 0,
            "spellPoints": 0,
            "spells": Array [],
            "spellsCount": 0,
          },
          "guardians": Object {
            "creatures": null,
            "hasCreatures": false,
            "message": "luck",
          },
          "hasGuardians": true,
        },
        "type": "PandorasBox",
      },
      "oaIndex": 2,
      "x": 11,
      "y": 1,
      "z": 0,
    },
    Object {
      "attributes": Object {
        "above": 0,
        "active": Array [
          0,
          0,
          0,
          0,
          0,
          128,
        ],
        "allowedLandscapes": 511,
        "header": "AVA0128.def",
        "landscapeGroup": 1,
        "metaType": "PandorasBox",
        "objectGroup": "Artifacts",
        "objectSubType": 0,
        "objectType": "PandorasBox",
        "passable": Array [
          255,
          255,
          255,
          255,
          255,
          127,
        ],
      },
      "body": Object {
        "data": Object {
          "contents": Object {
            "artifacts": Array [],
            "artifactsCount": 0,
            "creatures": Array [],
            "creaturesCount": 0,
            "experience": 0,
            "luck": -3,
            "morale": 0,
            "primarySkills": Object {
              "attack": 0,
              "defense": 0,
              "knowledge": 0,
              "spellPower": 0,
            },
            "resources": Array [
              0,
              0,
              0,
              0,
              0,
              0,
              0,
            ],
            "secondarySkills": Array [],
            "secondarySkillsCount": 0,
            "spellPoints": 0,
            "spells": Array [],
            "spellsCount": 0,
          },
          "guardians": Object {
            "creatures": null,
            "hasCreatures": false,
            "message": "-luck",
          },
          "hasGuardians": true,
        },
        "type": "PandorasBox",
      },
      "oaIndex": 2,
      "x": 13,
      "y": 1,
      "z": 0,
    },
    Object {
      "attributes": Object {
        "above": 0,
        "active": Array [
          0,
          0,
          0,
          0,
          0,
          128,
        ],
        "allowedLandscapes": 511,
        "header": "AVA0128.def",
        "landscapeGroup": 1,
        "metaType": "PandorasBox",
        "objectGroup": "Artifacts",
        "objectSubType": 0,
        "objectType": "PandorasBox",
        "passable": Array [
          255,
          255,
          255,
          255,
          255,
          127,
        ],
      },
      "body": Object {
        "data": Object {
          "contents": Object {
            "artifacts": Array [],
            "artifactsCount": 0,
            "creatures": Array [],
            "creaturesCount": 0,
            "experience": 0,
            "luck": 0,
            "morale": 0,
            "primarySkills": Object {
              "attack": 0,
              "defense": 0,
              "knowledge": 0,
              "spellPower": 0,
            },
            "resources": Array [
              1,
              2,
              3,
              4,
              5,
              6,
              7,
            ],
            "secondarySkills": Array [],
            "secondarySkillsCount": 0,
            "spellPoints": 0,
            "spells": Array [],
            "spellsCount": 0,
          },
          "guardians": null,
          "hasGuardians": false,
        },
        "type": "PandorasBox",
      },
      "oaIndex": 2,
      "x": 15,
      "y": 1,
      "z": 0,
    },
    Object {
      "attributes": Object {
        "above": 0,
        "active": Array [
          0,
          0,
          0,
          0,
          0,
          128,
        ],
        "allowedLandscapes": 511,
        "header": "AVA0128.def",
        "landscapeGroup": 1,
        "metaType": "PandorasBox",
        "objectGroup": "Artifacts",
        "objectSubType": 0,
        "objectType": "PandorasBox",
        "passable": Array [
          255,
          255,
          255,
          255,
          255,
          127,
        ],
      },
      "body": Object {
        "data": Object {
          "contents": Object {
            "artifacts": Array [],
            "artifactsCount": 0,
            "creatures": Array [],
            "creaturesCount": 0,
            "experience": 0,
            "luck": 0,
            "morale": 0,
            "primarySkills": Object {
              "attack": 0,
              "defense": 0,
              "knowledge": 0,
              "spellPower": 0,
            },
            "resources": Array [
              -7,
              -6,
              -5,
              -4,
              -3,
              -2,
              -1,
            ],
            "secondarySkills": Array [],
            "secondarySkillsCount": 0,
            "spellPoints": 0,
            "spells": Array [],
            "spellsCount": 0,
          },
          "guardians": Object {
            "creatures": null,
            "hasCreatures": false,
            "message": "take resources",
          },
          "hasGuardians": true,
        },
        "type": "PandorasBox",
      },
      "oaIndex": 2,
      "x": 17,
      "y": 1,
      "z": 0,
    },
    Object {
      "attributes": Object {
        "above": 0,
        "active": Array [
          0,
          0,
          0,
          0,
          0,
          128,
        ],
        "allowedLandscapes": 511,
        "header": "AVA0128.def",
        "landscapeGroup": 1,
        "metaType": "PandorasBox",
        "objectGroup": "Artifacts",
        "objectSubType": 0,
        "objectType": "PandorasBox",
        "passable": Array [
          255,
          255,
          255,
          255,
          255,
          127,
        ],
      },
      "body": Object {
        "data": Object {
          "contents": Object {
            "artifacts": Array [],
            "artifactsCount": 0,
            "creatures": Array [],
            "creaturesCount": 0,
            "experience": 0,
            "luck": 0,
            "morale": 0,
            "primarySkills": Object {
              "attack": 1,
              "defense": 2,
              "knowledge": 4,
              "spellPower": 3,
            },
            "resources": Array [
              0,
              0,
              0,
              0,
              0,
              0,
              0,
            ],
            "secondarySkills": Array [],
            "secondarySkillsCount": 0,
            "spellPoints": 0,
            "spells": Array [],
            "spellsCount": 0,
          },
          "guardians": Object {
            "creatures": null,
            "hasCreatures": false,
            "message": "primary skills",
          },
          "hasGuardians": true,
        },
        "type": "PandorasBox",
      },
      "oaIndex": 2,
      "x": 19,
      "y": 1,
      "z": 0,
    },
    Object {
      "attributes": Object {
        "above": 0,
        "active": Array [
          0,
          0,
          0,
          0,
          0,
          128,
        ],
        "allowedLandscapes": 511,
        "header": "AVA0128.def",
        "landscapeGroup": 1,
        "metaType": "PandorasBox",
        "objectGroup": "Artifacts",
        "objectSubType": 0,
        "objectType": "PandorasBox",
        "passable": Array [
          255,
          255,
          255,
          255,
          255,
          127,
        ],
      },
      "body": Object {
        "data": Object {
          "contents": Object {
            "artifacts": Array [],
            "artifactsCount": 0,
            "creatures": Array [],
            "creaturesCount": 0,
            "experience": 0,
            "luck": 0,
            "morale": 0,
            "primarySkills": Object {
              "attack": 0,
              "defense": 0,
              "knowledge": 0,
              "spellPower": 0,
            },
            "resources": Array [
              0,
              0,
              0,
              0,
              0,
              0,
              0,
            ],
            "secondarySkills": Array [
              Object {
                "level": "Basic",
                "type": "Pathfinding",
              },
              Object {
                "level": "Advanced",
                "type": "Logistics",
              },
              Object {
                "level": "Expert",
                "type": "Diplomacy",
              },
            ],
            "secondarySkillsCount": 3,
            "spellPoints": 0,
            "spells": Array [],
            "spellsCount": 0,
          },
          "guardians": Object {
            "creatures": null,
            "hasCreatures": false,
            "message": "secondary sckills",
          },
          "hasGuardians": true,
        },
        "type": "PandorasBox",
      },
      "oaIndex": 2,
      "x": 21,
      "y": 1,
      "z": 0,
    },
    Object {
      "attributes": Object {
        "above": 0,
        "active": Array [
          0,
          0,
          0,
          0,
          0,
          128,
        ],
        "allowedLandscapes": 511,
        "header": "AVA0128.def",
        "landscapeGroup": 1,
        "metaType": "PandorasBox",
        "objectGroup": "Artifacts",
        "objectSubType": 0,
        "objectType": "PandorasBox",
        "passable": Array [
          255,
          255,
          255,
          255,
          255,
          127,
        ],
      },
      "body": Object {
        "data": Object {
          "contents": Object {
            "artifacts": Array [
              "AdmiralsHat",
            ],
            "artifactsCount": 1,
            "creatures": Array [],
            "creaturesCount": 0,
            "experience": 0,
            "luck": 0,
            "morale": 0,
            "primarySkills": Object {
              "attack": 0,
              "defense": 0,
              "knowledge": 0,
              "spellPower": 0,
            },
            "resources": Array [
              0,
              0,
              0,
              0,
              0,
              0,
              0,
            ],
            "secondarySkills": Array [],
            "secondarySkillsCount": 0,
            "spellPoints": 0,
            "spells": Array [],
            "spellsCount": 0,
          },
          "guardians": Object {
            "creatures": null,
            "hasCreatures": false,
            "message": "artifacts",
          },
          "hasGuardians": true,
        },
        "type": "PandorasBox",
      },
      "oaIndex": 2,
      "x": 23,
      "y": 1,
      "z": 0,
    },
    Object {
      "attributes": Object {
        "above": 0,
        "active": Array [
          0,
          0,
          0,
          0,
          0,
          128,
        ],
        "allowedLandscapes": 511,
        "header": "AVA0128.def",
        "landscapeGroup": 1,
        "metaType": "PandorasBox",
        "objectGroup": "Artifacts",
        "objectSubType": 0,
        "objectType": "PandorasBox",
        "passable": Array [
          255,
          255,
          255,
          255,
          255,
          127,
        ],
      },
      "body": Object {
        "data": Object {
          "contents": Object {
            "artifacts": Array [],
            "artifactsCount": 0,
            "creatures": Array [],
            "creaturesCount": 0,
            "experience": 0,
            "luck": 0,
            "morale": 0,
            "primarySkills": Object {
              "attack": 0,
              "defense": 0,
              "knowledge": 0,
              "spellPower": 0,
            },
            "resources": Array [
              0,
              0,
              0,
              0,
              0,
              0,
              0,
            ],
            "secondarySkills": Array [],
            "secondarySkillsCount": 0,
            "spellPoints": 0,
            "spells": Array [
              "AirElemental",
            ],
            "spellsCount": 1,
          },
          "guardians": Object {
            "creatures": null,
            "hasCreatures": false,
            "message": "spells",
          },
          "hasGuardians": true,
        },
        "type": "PandorasBox",
      },
      "oaIndex": 2,
      "x": 25,
      "y": 1,
      "z": 0,
    },
    Object {
      "attributes": Object {
        "above": 0,
        "active": Array [
          0,
          0,
          0,
          0,
          0,
          128,
        ],
        "allowedLandscapes": 511,
        "header": "AVA0128.def",
        "landscapeGroup": 1,
        "metaType": "PandorasBox",
        "objectGroup": "Artifacts",
        "objectSubType": 0,
        "objectType": "PandorasBox",
        "passable": Array [
          255,
          255,
          255,
          255,
          255,
          127,
        ],
      },
      "body": Object {
        "data": Object {
          "contents": Object {
            "artifacts": Array [],
            "artifactsCount": 0,
            "creatures": Array [
              Object {
                "quantity": 1,
                "type": "Pikeman",
              },
            ],
            "creaturesCount": 1,
            "experience": 0,
            "luck": 0,
            "morale": 0,
            "primarySkills": Object {
              "attack": 0,
              "defense": 0,
              "knowledge": 0,
              "spellPower": 0,
            },
            "resources": Array [
              0,
              0,
              0,
              0,
              0,
              0,
              0,
            ],
            "secondarySkills": Array [],
            "secondarySkillsCount": 0,
            "spellPoints": 0,
            "spells": Array [],
            "spellsCount": 0,
          },
          "guardians": Object {
            "creatures": null,
            "hasCreatures": false,
            "message": "creatures
",
          },
          "hasGuardians": true,
        },
        "type": "PandorasBox",
      },
      "oaIndex": 2,
      "x": 27,
      "y": 1,
      "z": 0,
    },
    Object {
      "attributes": Object {
        "above": 0,
        "active": Array [
          0,
          0,
          0,
          0,
          0,
          128,
        ],
        "allowedLandscapes": 511,
        "header": "AVA0128.def",
        "landscapeGroup": 1,
        "metaType": "PandorasBox",
        "objectGroup": "Artifacts",
        "objectSubType": 0,
        "objectType": "PandorasBox",
        "passable": Array [
          255,
          255,
          255,
          255,
          255,
          127,
        ],
      },
      "body": Object {
        "data": Object {
          "contents": Object {
            "artifacts": Array [],
            "artifactsCount": 0,
            "creatures": Array [],
            "creaturesCount": 0,
            "experience": 0,
            "luck": 0,
            "morale": 0,
            "primarySkills": Object {
              "attack": 0,
              "defense": 0,
              "knowledge": 0,
              "spellPower": 0,
            },
            "resources": Array [
              0,
              0,
              0,
              0,
              0,
              0,
              0,
            ],
            "secondarySkills": Array [],
            "secondarySkillsCount": 0,
            "spellPoints": 0,
            "spells": Array [],
            "spellsCount": 0,
          },
          "guardians": Object {
            "creatures": Array [
              Object {
                "quantity": 2,
                "type": "Archer",
              },
              Object {
                "quantity": 0,
                "type": "EMPTY",
              },
              Object {
                "quantity": 0,
                "type": "EMPTY",
              },
              Object {
                "quantity": 0,
                "type": "EMPTY",
              },
              Object {
                "quantity": 0,
                "type": "EMPTY",
              },
              Object {
                "quantity": 0,
                "type": "EMPTY",
              },
              Object {
                "quantity": 3,
                "type": "Griffin",
              },
            ],
            "hasCreatures": true,
            "message": "guardians",
          },
          "hasGuardians": true,
        },
        "type": "PandorasBox",
      },
      "oaIndex": 2,
      "x": 1,
      "y": 3,
      "z": 0,
    },
  ],
}
`;
