// Jest Snapshot v1, https://goo.gl/fbAQLP

exports[`scholar should parse scholar 1`] = `
Object {
  "count": 4,
  "entries": Array [
    Object {
      "attributes": Object {
        "above": 0,
        "active": Array [
          0,
          0,
          0,
          0,
          0,
          128,
        ],
        "allowedLandscapes": 511,
        "header": "AVXschl0.def",
        "landscapeGroup": 255,
        "metaType": "Scholar",
        "objectGroup": "",
        "objectSubType": 0,
        "objectType": "Scholar",
        "passable": Array [
          255,
          255,
          255,
          255,
          255,
          127,
        ],
      },
      "body": Object {
        "data": Object {
          "rewardType": "Random",
          "rewardValue": 0,
        },
        "type": "Scholar",
      },
      "oaIndex": 2,
      "x": 1,
      "y": 1,
      "z": 0,
    },
    Object {
      "attributes": Object {
        "above": 0,
        "active": Array [
          0,
          0,
          0,
          0,
          0,
          128,
        ],
        "allowedLandscapes": 511,
        "header": "AVXschl0.def",
        "landscapeGroup": 255,
        "metaType": "Scholar",
        "objectGroup": "",
        "objectSubType": 0,
        "objectType": "Scholar",
        "passable": Array [
          255,
          255,
          255,
          255,
          255,
          127,
        ],
      },
      "body": Object {
        "data": Object {
          "rewardType": "PrimarySkill",
          "rewardValue": "SpellPower",
        },
        "type": "Scholar",
      },
      "oaIndex": 2,
      "x": 3,
      "y": 1,
      "z": 0,
    },
    Object {
      "attributes": Object {
        "above": 0,
        "active": Array [
          0,
          0,
          0,
          0,
          0,
          128,
        ],
        "allowedLandscapes": 511,
        "header": "AVXschl0.def",
        "landscapeGroup": 255,
        "metaType": "Scholar",
        "objectGroup": "",
        "objectSubType": 0,
        "objectType": "Scholar",
        "passable": Array [
          255,
          255,
          255,
          255,
          255,
          127,
        ],
      },
      "body": Object {
        "data": Object {
          "rewardType": "SecondarySkill",
          "rewardValue": "Wisdom",
        },
        "type": "Scholar",
      },
      "oaIndex": 2,
      "x": 5,
      "y": 1,
      "z": 0,
    },
    Object {
      "attributes": Object {
        "above": 0,
        "active": Array [
          0,
          0,
          0,
          0,
          0,
          128,
        ],
        "allowedLandscapes": 511,
        "header": "AVXschl0.def",
        "landscapeGroup": 255,
        "metaType": "Scholar",
        "objectGroup": "",
        "objectSubType": 0,
        "objectType": "Scholar",
        "passable": Array [
          255,
          255,
          255,
          255,
          255,
          127,
        ],
      },
      "body": Object {
        "data": Object {
          "rewardType": "Spell",
          "rewardValue": "Prayer",
        },
        "type": "Scholar",
      },
      "oaIndex": 2,
      "x": 7,
      "y": 1,
      "z": 0,
    },
  ],
}
`;
