// Jest Snapshot v1, https://goo.gl/fbAQLP

exports[`town should parse events 1`] = `
Array [
  Array [
    Object {
      "appliesToComputer": true,
      "appliesToHuman": true,
      "appliesToPlayers": true,
      "buildings": Array [],
      "creatureQuantities": Array [
        1,
        2,
        3,
        4,
        5,
        6,
        7,
      ],
      "firstOccurrence": 9,
      "message": "",
      "name": "give",
      "resources": Array [
        1,
        2,
        3,
        4,
        5,
        6,
        7,
      ],
      "subsequentOccurrences": 14,
    },
    Object {
      "appliesToComputer": true,
      "appliesToHuman": true,
      "appliesToPlayers": true,
      "buildings": Array [],
      "creatureQuantities": Array [
        0,
        0,
        0,
        0,
        0,
        0,
        0,
      ],
      "firstOccurrence": 14,
      "message": "",
      "name": "take",
      "resources": Array [
        -7,
        -6,
        -5,
        -4,
        -3,
        -2,
        -1,
      ],
      "subsequentOccurrences": 7,
    },
  ],
  Array [
    Object {
      "appliesToComputer": false,
      "appliesToHuman": true,
      "appliesToPlayers": true,
      "buildings": Array [
        "TownHall",
      ],
      "creatureQuantities": Array [
        0,
        0,
        0,
        0,
        0,
        0,
        0,
      ],
      "firstOccurrence": 0,
      "message": "",
      "name": "build town hall",
      "resources": Array [
        0,
        0,
        0,
        0,
        0,
        0,
        0,
      ],
      "subsequentOccurrences": 0,
    },
    Object {
      "appliesToComputer": false,
      "appliesToHuman": true,
      "appliesToPlayers": true,
      "buildings": Array [
        "TownHall",
        "CityHall",
      ],
      "creatureQuantities": Array [
        0,
        0,
        0,
        0,
        0,
        0,
        0,
      ],
      "firstOccurrence": 1,
      "message": "",
      "name": "build city hall",
      "resources": Array [
        0,
        0,
        0,
        0,
        0,
        0,
        0,
      ],
      "subsequentOccurrences": 0,
    },
    Object {
      "appliesToComputer": false,
      "appliesToHuman": true,
      "appliesToPlayers": true,
      "buildings": Array [
        "TownHall",
        "CityHall",
        "Capitol",
      ],
      "creatureQuantities": Array [
        0,
        0,
        0,
        0,
        0,
        0,
        0,
      ],
      "firstOccurrence": 2,
      "message": "",
      "name": "build capitol",
      "resources": Array [
        0,
        0,
        0,
        0,
        0,
        0,
        0,
      ],
      "subsequentOccurrences": 0,
    },
    Object {
      "appliesToComputer": false,
      "appliesToHuman": true,
      "appliesToPlayers": true,
      "buildings": Array [
        "Fort",
      ],
      "creatureQuantities": Array [
        0,
        0,
        0,
        0,
        0,
        0,
        0,
      ],
      "firstOccurrence": 3,
      "message": "",
      "name": "build fort",
      "resources": Array [
        0,
        0,
        0,
        0,
        0,
        0,
        0,
      ],
      "subsequentOccurrences": 0,
    },
    Object {
      "appliesToComputer": true,
      "appliesToHuman": true,
      "appliesToPlayers": true,
      "buildings": Array [
        "Fort",
        "Citadel",
      ],
      "creatureQuantities": Array [
        0,
        0,
        0,
        0,
        0,
        0,
        0,
      ],
      "firstOccurrence": 4,
      "message": "",
      "name": "build citadel",
      "resources": Array [
        0,
        0,
        0,
        0,
        0,
        0,
        0,
      ],
      "subsequentOccurrences": 0,
    },
    Object {
      "appliesToComputer": false,
      "appliesToHuman": true,
      "appliesToPlayers": true,
      "buildings": Array [
        "Fort",
        "Citadel",
        "Castle",
      ],
      "creatureQuantities": Array [
        0,
        0,
        0,
        0,
        0,
        0,
        0,
      ],
      "firstOccurrence": 5,
      "message": "",
      "name": "build castle",
      "resources": Array [
        0,
        0,
        0,
        0,
        0,
        0,
        0,
      ],
      "subsequentOccurrences": 0,
    },
    Object {
      "appliesToComputer": false,
      "appliesToHuman": true,
      "appliesToPlayers": true,
      "buildings": Array [
        "Tavern",
      ],
      "creatureQuantities": Array [
        0,
        0,
        0,
        0,
        0,
        0,
        0,
      ],
      "firstOccurrence": 6,
      "message": "",
      "name": "build tavern",
      "resources": Array [
        0,
        0,
        0,
        0,
        0,
        0,
        0,
      ],
      "subsequentOccurrences": 0,
    },
    Object {
      "appliesToComputer": false,
      "appliesToHuman": true,
      "appliesToPlayers": true,
      "buildings": Array [
        "Blacksmith",
      ],
      "creatureQuantities": Array [
        0,
        0,
        0,
        0,
        0,
        0,
        0,
      ],
      "firstOccurrence": 7,
      "message": "",
      "name": "build blacksmith",
      "resources": Array [
        0,
        0,
        0,
        0,
        0,
        0,
        0,
      ],
      "subsequentOccurrences": 0,
    },
    Object {
      "appliesToComputer": false,
      "appliesToHuman": true,
      "appliesToPlayers": true,
      "buildings": Array [
        "Marketplace",
      ],
      "creatureQuantities": Array [
        0,
        0,
        0,
        0,
        0,
        0,
        0,
      ],
      "firstOccurrence": 8,
      "message": "",
      "name": "build marketplace",
      "resources": Array [
        0,
        0,
        0,
        0,
        0,
        0,
        0,
      ],
      "subsequentOccurrences": 0,
    },
    Object {
      "appliesToComputer": false,
      "appliesToHuman": true,
      "appliesToPlayers": true,
      "buildings": Array [
        "Marketplace",
        "ResourceSilo",
      ],
      "creatureQuantities": Array [
        0,
        0,
        0,
        0,
        0,
        0,
        0,
      ],
      "firstOccurrence": 9,
      "message": "",
      "name": "build risource silo",
      "resources": Array [
        0,
        0,
        0,
        0,
        0,
        0,
        0,
      ],
      "subsequentOccurrences": 0,
    },
    Object {
      "appliesToComputer": false,
      "appliesToHuman": true,
      "appliesToPlayers": true,
      "buildings": Array [
        "Marketplace",
        "ArtifactMerchants",
      ],
      "creatureQuantities": Array [
        0,
        0,
        0,
        0,
        0,
        0,
        0,
      ],
      "firstOccurrence": 10,
      "message": "",
      "name": "build artifacts merchants",
      "resources": Array [
        0,
        0,
        0,
        0,
        0,
        0,
        0,
      ],
      "subsequentOccurrences": 0,
    },
    Object {
      "appliesToComputer": false,
      "appliesToHuman": true,
      "appliesToPlayers": true,
      "buildings": Array [
        "MageGuild1",
      ],
      "creatureQuantities": Array [
        0,
        0,
        0,
        0,
        0,
        0,
        0,
      ],
      "firstOccurrence": 11,
      "message": "",
      "name": "build mage guild 1",
      "resources": Array [
        0,
        0,
        0,
        0,
        0,
        0,
        0,
      ],
      "subsequentOccurrences": 0,
    },
    Object {
      "appliesToComputer": false,
      "appliesToHuman": true,
      "appliesToPlayers": true,
      "buildings": Array [
        "MageGuild1",
        "MageGuild2",
      ],
      "creatureQuantities": Array [
        0,
        0,
        0,
        0,
        0,
        0,
        0,
      ],
      "firstOccurrence": 12,
      "message": "",
      "name": "build mage guild 2",
      "resources": Array [
        0,
        0,
        0,
        0,
        0,
        0,
        0,
      ],
      "subsequentOccurrences": 0,
    },
    Object {
      "appliesToComputer": false,
      "appliesToHuman": true,
      "appliesToPlayers": true,
      "buildings": Array [
        "MageGuild1",
        "MageGuild2",
        "MageGuild3",
      ],
      "creatureQuantities": Array [
        0,
        0,
        0,
        0,
        0,
        0,
        0,
      ],
      "firstOccurrence": 13,
      "message": "",
      "name": "build mage guild 3",
      "resources": Array [
        0,
        0,
        0,
        0,
        0,
        0,
        0,
      ],
      "subsequentOccurrences": 0,
    },
    Object {
      "appliesToComputer": false,
      "appliesToHuman": true,
      "appliesToPlayers": true,
      "buildings": Array [
        "MageGuild1",
        "MageGuild2",
        "MageGuild3",
        "MageGuild4",
      ],
      "creatureQuantities": Array [
        0,
        0,
        0,
        0,
        0,
        0,
        0,
      ],
      "firstOccurrence": 14,
      "message": "",
      "name": "build mage guild 4",
      "resources": Array [
        0,
        0,
        0,
        0,
        0,
        0,
        0,
      ],
      "subsequentOccurrences": 0,
    },
    Object {
      "appliesToComputer": false,
      "appliesToHuman": true,
      "appliesToPlayers": true,
      "buildings": Array [
        "MageGuild1",
        "MageGuild2",
        "MageGuild3",
        "MageGuild4",
        "MageGuild5",
      ],
      "creatureQuantities": Array [
        0,
        0,
        0,
        0,
        0,
        0,
        0,
      ],
      "firstOccurrence": 15,
      "message": "",
      "name": "build mage guild 5",
      "resources": Array [
        0,
        0,
        0,
        0,
        0,
        0,
        0,
      ],
      "subsequentOccurrences": 0,
    },
    Object {
      "appliesToComputer": false,
      "appliesToHuman": true,
      "appliesToPlayers": true,
      "buildings": Array [
        "Shipyard",
      ],
      "creatureQuantities": Array [
        0,
        0,
        0,
        0,
        0,
        0,
        0,
      ],
      "firstOccurrence": 16,
      "message": "",
      "name": "build shipyard",
      "resources": Array [
        0,
        0,
        0,
        0,
        0,
        0,
        0,
      ],
      "subsequentOccurrences": 0,
    },
    Object {
      "appliesToComputer": false,
      "appliesToHuman": true,
      "appliesToPlayers": true,
      "buildings": Array [
        "Grail",
      ],
      "creatureQuantities": Array [
        0,
        0,
        0,
        0,
        0,
        0,
        0,
      ],
      "firstOccurrence": 17,
      "message": "",
      "name": "build grail",
      "resources": Array [
        0,
        0,
        0,
        0,
        0,
        0,
        0,
      ],
      "subsequentOccurrences": 0,
    },
    Object {
      "appliesToComputer": false,
      "appliesToHuman": true,
      "appliesToPlayers": true,
      "buildings": Array [
        "Dwelling1",
      ],
      "creatureQuantities": Array [
        0,
        0,
        0,
        0,
        0,
        0,
        0,
      ],
      "firstOccurrence": 18,
      "message": "",
      "name": "build creature 1",
      "resources": Array [
        0,
        0,
        0,
        0,
        0,
        0,
        0,
      ],
      "subsequentOccurrences": 0,
    },
    Object {
      "appliesToComputer": false,
      "appliesToHuman": true,
      "appliesToPlayers": true,
      "buildings": Array [
        "Dwelling1",
        "DwellingUp1",
      ],
      "creatureQuantities": Array [
        0,
        0,
        0,
        0,
        0,
        0,
        0,
      ],
      "firstOccurrence": 19,
      "message": "",
      "name": "build creature 1 up",
      "resources": Array [
        0,
        0,
        0,
        0,
        0,
        0,
        0,
      ],
      "subsequentOccurrences": 0,
    },
    Object {
      "appliesToComputer": false,
      "appliesToHuman": true,
      "appliesToPlayers": true,
      "buildings": Array [
        "Dwelling1",
        "Horde1",
      ],
      "creatureQuantities": Array [
        0,
        0,
        0,
        0,
        0,
        0,
        0,
      ],
      "firstOccurrence": 20,
      "message": "",
      "name": "build creature 1 horde",
      "resources": Array [
        0,
        0,
        0,
        0,
        0,
        0,
        0,
      ],
      "subsequentOccurrences": 0,
    },
    Object {
      "appliesToComputer": false,
      "appliesToHuman": true,
      "appliesToPlayers": true,
      "buildings": Array [
        "Dwelling2",
      ],
      "creatureQuantities": Array [
        0,
        0,
        0,
        0,
        0,
        0,
        0,
      ],
      "firstOccurrence": 21,
      "message": "",
      "name": "build creature 2",
      "resources": Array [
        0,
        0,
        0,
        0,
        0,
        0,
        0,
      ],
      "subsequentOccurrences": 0,
    },
    Object {
      "appliesToComputer": false,
      "appliesToHuman": true,
      "appliesToPlayers": true,
      "buildings": Array [
        "Dwelling2",
        "DwellingUp2",
      ],
      "creatureQuantities": Array [
        0,
        0,
        0,
        0,
        0,
        0,
        0,
      ],
      "firstOccurrence": 22,
      "message": "",
      "name": "build creature 2 up",
      "resources": Array [
        0,
        0,
        0,
        0,
        0,
        0,
        0,
      ],
      "subsequentOccurrences": 0,
    },
    Object {
      "appliesToComputer": false,
      "appliesToHuman": true,
      "appliesToPlayers": true,
      "buildings": Array [
        "Dwelling2",
        "Horde2",
      ],
      "creatureQuantities": Array [
        0,
        0,
        0,
        0,
        0,
        0,
        0,
      ],
      "firstOccurrence": 23,
      "message": "",
      "name": "build creature 2 horde",
      "resources": Array [
        0,
        0,
        0,
        0,
        0,
        0,
        0,
      ],
      "subsequentOccurrences": 0,
    },
    Object {
      "appliesToComputer": false,
      "appliesToHuman": true,
      "appliesToPlayers": true,
      "buildings": Array [
        "Dwelling3",
      ],
      "creatureQuantities": Array [
        0,
        0,
        0,
        0,
        0,
        0,
        0,
      ],
      "firstOccurrence": 24,
      "message": "",
      "name": "build creature 3",
      "resources": Array [
        0,
        0,
        0,
        0,
        0,
        0,
        0,
      ],
      "subsequentOccurrences": 0,
    },
    Object {
      "appliesToComputer": false,
      "appliesToHuman": true,
      "appliesToPlayers": true,
      "buildings": Array [
        "Dwelling3",
        "Dwelling4",
      ],
      "creatureQuantities": Array [
        0,
        0,
        0,
        0,
        0,
        0,
        0,
      ],
      "firstOccurrence": 25,
      "message": "",
      "name": "build creature 3 up",
      "resources": Array [
        0,
        0,
        0,
        0,
        0,
        0,
        0,
      ],
      "subsequentOccurrences": 0,
    },
    Object {
      "appliesToComputer": false,
      "appliesToHuman": true,
      "appliesToPlayers": true,
      "buildings": Array [
        "Dwelling3",
        "Horde3",
      ],
      "creatureQuantities": Array [
        0,
        0,
        0,
        0,
        0,
        0,
        0,
      ],
      "firstOccurrence": 26,
      "message": "",
      "name": "build creature 3 horde",
      "resources": Array [
        0,
        0,
        0,
        0,
        0,
        0,
        0,
      ],
      "subsequentOccurrences": 0,
    },
    Object {
      "appliesToComputer": false,
      "appliesToHuman": true,
      "appliesToPlayers": true,
      "buildings": Array [
        "Dwelling4",
      ],
      "creatureQuantities": Array [
        0,
        0,
        0,
        0,
        0,
        0,
        0,
      ],
      "firstOccurrence": 27,
      "message": "",
      "name": "build creature 4",
      "resources": Array [
        0,
        0,
        0,
        0,
        0,
        0,
        0,
      ],
      "subsequentOccurrences": 0,
    },
    Object {
      "appliesToComputer": false,
      "appliesToHuman": true,
      "appliesToPlayers": true,
      "buildings": Array [
        "Dwelling4",
        "DwellingUp4",
      ],
      "creatureQuantities": Array [
        0,
        0,
        0,
        0,
        0,
        0,
        0,
      ],
      "firstOccurrence": 28,
      "message": "",
      "name": "build creature 4 up",
      "resources": Array [
        0,
        0,
        0,
        0,
        0,
        0,
        0,
      ],
      "subsequentOccurrences": 0,
    },
    Object {
      "appliesToComputer": false,
      "appliesToHuman": true,
      "appliesToPlayers": true,
      "buildings": Array [
        "Dwelling4",
        "Horde4",
      ],
      "creatureQuantities": Array [
        0,
        0,
        0,
        0,
        0,
        0,
        0,
      ],
      "firstOccurrence": 29,
      "message": "",
      "name": "build creature 4 horde",
      "resources": Array [
        0,
        0,
        0,
        0,
        0,
        0,
        0,
      ],
      "subsequentOccurrences": 0,
    },
    Object {
      "appliesToComputer": false,
      "appliesToHuman": true,
      "appliesToPlayers": true,
      "buildings": Array [
        "Dwelling5",
      ],
      "creatureQuantities": Array [
        0,
        0,
        0,
        0,
        0,
        0,
        0,
      ],
      "firstOccurrence": 30,
      "message": "",
      "name": "build creature 5",
      "resources": Array [
        0,
        0,
        0,
        0,
        0,
        0,
        0,
      ],
      "subsequentOccurrences": 0,
    },
    Object {
      "appliesToComputer": false,
      "appliesToHuman": true,
      "appliesToPlayers": true,
      "buildings": Array [
        "Dwelling5",
        "DwellingUp5",
      ],
      "creatureQuantities": Array [
        0,
        0,
        0,
        0,
        0,
        0,
        0,
      ],
      "firstOccurrence": 31,
      "message": "",
      "name": "build creature 5 up",
      "resources": Array [
        0,
        0,
        0,
        0,
        0,
        0,
        0,
      ],
      "subsequentOccurrences": 0,
    },
    Object {
      "appliesToComputer": false,
      "appliesToHuman": true,
      "appliesToPlayers": true,
      "buildings": Array [
        "Dwelling5",
        "Horde5",
      ],
      "creatureQuantities": Array [
        0,
        0,
        0,
        0,
        0,
        0,
        0,
      ],
      "firstOccurrence": 31,
      "message": "",
      "name": "build creature 5 horde",
      "resources": Array [
        0,
        0,
        0,
        0,
        0,
        0,
        0,
      ],
      "subsequentOccurrences": 0,
    },
    Object {
      "appliesToComputer": false,
      "appliesToHuman": true,
      "appliesToPlayers": true,
      "buildings": Array [
        "Dwelling6",
      ],
      "creatureQuantities": Array [
        0,
        0,
        0,
        0,
        0,
        0,
        0,
      ],
      "firstOccurrence": 32,
      "message": "",
      "name": "build creature 6",
      "resources": Array [
        0,
        0,
        0,
        0,
        0,
        0,
        0,
      ],
      "subsequentOccurrences": 0,
    },
    Object {
      "appliesToComputer": false,
      "appliesToHuman": true,
      "appliesToPlayers": true,
      "buildings": Array [
        "Dwelling6",
        "DwellingUp6",
      ],
      "creatureQuantities": Array [
        0,
        0,
        0,
        0,
        0,
        0,
        0,
      ],
      "firstOccurrence": 33,
      "message": "",
      "name": "build creature 6 up",
      "resources": Array [
        0,
        0,
        0,
        0,
        0,
        0,
        0,
      ],
      "subsequentOccurrences": 0,
    },
    Object {
      "appliesToComputer": false,
      "appliesToHuman": true,
      "appliesToPlayers": true,
      "buildings": Array [
        "Dwelling7",
      ],
      "creatureQuantities": Array [
        0,
        0,
        0,
        0,
        0,
        0,
        0,
      ],
      "firstOccurrence": 34,
      "message": "",
      "name": "build creature 7",
      "resources": Array [
        0,
        0,
        0,
        0,
        0,
        0,
        0,
      ],
      "subsequentOccurrences": 0,
    },
    Object {
      "appliesToComputer": false,
      "appliesToHuman": true,
      "appliesToPlayers": true,
      "buildings": Array [
        "Dwelling7",
        "DwellingUp7",
      ],
      "creatureQuantities": Array [
        0,
        0,
        0,
        0,
        0,
        0,
        0,
      ],
      "firstOccurrence": 35,
      "message": "",
      "name": "build creature 7 up",
      "resources": Array [
        0,
        0,
        0,
        0,
        0,
        0,
        0,
      ],
      "subsequentOccurrences": 0,
    },
  ],
]
`;

exports[`town should parse spells 1 - 3 1`] = `
Array [
  Object {
    "name": "bless",
    "spells": Array [
      "Bless",
    ],
  },
  Object {
    "name": "bloodlust",
    "spells": Array [
      "Bloodlust",
    ],
  },
  Object {
    "name": "cure",
    "spells": Array [
      "Cure",
    ],
  },
  Object {
    "name": "curse",
    "spells": Array [
      "Curse",
    ],
  },
  Object {
    "name": "dispel",
    "spells": Array [
      "Dispel",
    ],
  },
  Object {
    "name": "haste",
    "spells": Array [
      "Haste",
    ],
  },
  Object {
    "name": "magic arrow",
    "spells": Array [
      "MagicArrow",
    ],
  },
  Object {
    "name": "prot water",
    "spells": Array [
      "ProtectionFromWater",
    ],
  },
  Object {
    "name": "prot fire",
    "spells": Array [
      "ProtectionFromFire",
    ],
  },
  Object {
    "name": "shield",
    "spells": Array [
      "Shield",
    ],
  },
  Object {
    "name": "slow",
    "spells": Array [
      "Slow",
    ],
  },
  Object {
    "name": "stone skin",
    "spells": Array [
      "StoneSkin",
    ],
  },
  Object {
    "name": "summ boat",
    "spells": Array [
      "SummonBoat",
    ],
  },
  Object {
    "name": "view air",
    "spells": Array [
      "ViewAir",
    ],
  },
  Object {
    "name": "view earth",
    "spells": Array [
      "ViewEarth",
    ],
  },
  Object {
    "name": "blind",
    "spells": Array [
      "Blind",
    ],
  },
  Object {
    "name": "death ripple",
    "spells": Array [
      "DeathRipple",
    ],
  },
  Object {
    "name": "disguise",
    "spells": Array [
      "Disguise",
    ],
  },
  Object {
    "name": "disrupting ray",
    "spells": Array [
      "DisruptingRay",
    ],
  },
  Object {
    "name": "fire wall",
    "spells": Array [
      "FireWall",
    ],
  },
  Object {
    "name": "fortune",
    "spells": Array [
      "Fortune",
    ],
  },
  Object {
    "name": "ice balt",
    "spells": Array [
      "IceBolt",
    ],
  },
  Object {
    "name": "lightning bolt",
    "spells": Array [
      "LightningBolt",
    ],
  },
  Object {
    "name": "precision",
    "spells": Array [
      "Precision",
    ],
  },
  Object {
    "name": "prot air",
    "spells": Array [
      "ProtectionFromAir",
    ],
  },
  Object {
    "name": "quicksand",
    "spells": Array [
      "QuickSand",
    ],
  },
  Object {
    "name": "remove obstacl",
    "spells": Array [
      "RemoveObstacle",
    ],
  },
  Object {
    "name": "scuttle boat",
    "spells": Array [
      "ScuttleBoat",
    ],
  },
  Object {
    "name": "visions",
    "spells": Array [
      "Visions",
    ],
  },
  Object {
    "name": "weakness",
    "spells": Array [
      "Weakness",
    ],
  },
  Object {
    "name": "air shield",
    "spells": Array [
      "AirShield",
    ],
  },
  Object {
    "name": "animate dead",
    "spells": Array [
      "AnimateDead",
    ],
  },
  Object {
    "name": "antimagic",
    "spells": Array [
      "AntiMagic",
    ],
  },
  Object {
    "name": "destroy undead",
    "spells": Array [
      "DestroyUndead",
    ],
  },
  Object {
    "name": "earthquake",
    "spells": Array [
      "Earthquake",
    ],
  },
  Object {
    "name": "fireball",
    "spells": Array [
      "Fireball",
    ],
  },
  Object {
    "name": "force shield",
    "spells": Array [
      "ForceField",
    ],
  },
  Object {
    "name": "forgetfullness",
    "spells": Array [
      "Forgetfulness",
    ],
  },
  Object {
    "name": "frost ring",
    "spells": Array [
      "FrostRing",
    ],
  },
  Object {
    "name": "hypnotize",
    "spells": Array [
      "Hypnotize",
    ],
  },
  Object {
    "name": "land mine",
    "spells": Array [
      "LandMine",
    ],
  },
  Object {
    "name": "mirth",
    "spells": Array [
      "Mirth",
    ],
  },
  Object {
    "name": "misfortune",
    "spells": Array [
      "Misfortune",
    ],
  },
  Object {
    "name": "prot earth",
    "spells": Array [
      "ProtectionFromEarth",
    ],
  },
  Object {
    "name": "teleport",
    "spells": Array [
      "Teleport",
    ],
  },
]
`;

exports[`town should parse spells 4 - 5 1`] = `
Array [
  Object {
    "name": "armageddon",
    "spells": Array [
      "Armageddon",
    ],
  },
  Object {
    "name": "berserk",
    "spells": Array [
      "Berserk",
    ],
  },
  Object {
    "name": "chain lightnin",
    "spells": Array [
      "ChainLightning",
    ],
  },
  Object {
    "name": "clone",
    "spells": Array [
      "Clone",
    ],
  },
  Object {
    "name": "countrstrike",
    "spells": Array [
      "Counterstrike",
    ],
  },
  Object {
    "name": "fire shield",
    "spells": Array [
      "FireShield",
    ],
  },
  Object {
    "name": "frenzy",
    "spells": Array [
      "Frenzy",
    ],
  },
  Object {
    "name": "inferno",
    "spells": Array [
      "Inferno",
    ],
  },
  Object {
    "name": "meteor sower",
    "spells": Array [
      "MeteorShower",
    ],
  },
  Object {
    "name": "prayer",
    "spells": Array [
      "Prayer",
    ],
  },
  Object {
    "name": "resurrection",
    "spells": Array [
      "Resurrection",
    ],
  },
  Object {
    "name": "slayer",
    "spells": Array [
      "Slayer",
    ],
  },
  Object {
    "name": "sorrow",
    "spells": Array [
      "Sorrow",
    ],
  },
  Object {
    "name": "town portal",
    "spells": Array [
      "TownPortal",
    ],
  },
  Object {
    "name": "water walk",
    "spells": Array [
      "WaterWalk",
    ],
  },
  Object {
    "name": "air elemental",
    "spells": Array [
      "AirElemental",
    ],
  },
  Object {
    "name": "dimension door",
    "spells": Array [
      "DimensionDoor",
    ],
  },
  Object {
    "name": "earth elementa",
    "spells": Array [
      "EarthElemental",
    ],
  },
  Object {
    "name": "fire elemental",
    "spells": Array [
      "FireElemental",
    ],
  },
  Object {
    "name": "fly",
    "spells": Array [
      "Fly",
    ],
  },
  Object {
    "name": "implsion",
    "spells": Array [
      "Implosion",
    ],
  },
  Object {
    "name": "magic mirror",
    "spells": Array [
      "MagicMirror",
    ],
  },
  Object {
    "name": "sacrifice",
    "spells": Array [
      "Sacrifice",
    ],
  },
  Object {
    "name": "water elementa",
    "spells": Array [
      "WaterElemental",
    ],
  },
]
`;
